// Jest Snapshot v1, https://goo.gl/fbAQLP

exports[`DataTableView should render the DataTableView without issues 1`] = `
<table
  className="table table-striped"
>
  <thead
    className="thead-dark"
  >
    <tr>
      <th>
        Name
      </th>
      <th>
        Volume
      </th>
      <th>
        Quantity
      </th>
      <th>
        Price
      </th>
      <th
        style={
          Object {
            "textAlign": "center",
          }
        }
      >
        Actions
      </th>
    </tr>
  </thead>
  <tbody>
    <tr
      key="1"
    >
      <th
        scope="row"
      >
        Coke
      </th>
      <td />
      <td>
        10
      </td>
      <th>
        R
        10
      </th>
      <td
        align="center"
      >
        <div>
          <Button
            color="success"
            id="1Button"
            onClick={[Function]}
            tag="button"
          >
            Buy
          </Button>
        </div>
      </td>
    </tr>
    <tr
      key="2"
    >
      <th
        scope="row"
      >
        Fanta
      </th>
      <td />
      <td>
        2
      </td>
      <th>
        R
        10
      </th>
      <td
        align="center"
      >
        <div>
          <Button
            color="success"
            id="2Button"
            onClick={[Function]}
            tag="button"
          >
            Buy
          </Button>
        </div>
      </td>
    </tr>
    <tr
      key="3"
    >
      <th
        scope="row"
      >
        Sprite
      </th>
      <td />
      <td>
        3
      </td>
      <th>
        R
        10
      </th>
      <td
        align="center"
      >
        <div>
          <Button
            color="success"
            id="3Button"
            onClick={[Function]}
            tag="button"
          >
            Buy
          </Button>
        </div>
      </td>
    </tr>
    <tr
      key="4"
    >
      <th
        scope="row"
      >
        Lemon Twist
      </th>
      <td />
      <td>
        9
      </td>
      <th>
        R
        10
      </th>
      <td
        align="center"
      >
        <div>
          <Button
            color="success"
            id="4Button"
            onClick={[Function]}
            tag="button"
          >
            Buy
          </Button>
        </div>
      </td>
    </tr>
    <tr
      key="5"
    >
      <th
        scope="row"
      >
        Tab
      </th>
      <td />
      <td>
        5
      </td>
      <th>
        R
        10
      </th>
      <td
        align="center"
      >
        <div>
          <Button
            color="success"
            id="5Button"
            onClick={[Function]}
            tag="button"
          >
            Buy
          </Button>
        </div>
      </td>
    </tr>
    <tr
      key="6"
    >
      <th
        scope="row"
      >
        Pepsi
      </th>
      <td />
      <td>
        8
      </td>
      <th>
        R
        10
      </th>
      <td
        align="center"
      >
        <div>
          <Button
            color="success"
            id="6Button"
            onClick={[Function]}
            tag="button"
          >
            Buy
          </Button>
        </div>
      </td>
    </tr>
    <tr
      key="7"
    >
      <th
        scope="row"
      >
        KitKat
      </th>
      <td />
      <td>
        7
      </td>
      <th>
        R
        8
      </th>
      <td
        align="center"
      >
        <div>
          <Button
            color="success"
            id="7Button"
            onClick={[Function]}
            tag="button"
          >
            Buy
          </Button>
        </div>
      </td>
    </tr>
    <tr
      key="8"
    >
      <th
        scope="row"
      >
        Lays
      </th>
      <td />
      <td>
        12
      </td>
      <th>
        R
        5
      </th>
      <td
        align="center"
      >
        <div>
          <Button
            color="success"
            id="8Button"
            onClick={[Function]}
            tag="button"
          >
            Buy
          </Button>
        </div>
      </td>
    </tr>
    <tr
      key="9"
    >
      <th
        scope="row"
      >
        Simba
      </th>
      <td />
      <td>
        9
      </td>
      <th>
        R
        5
      </th>
      <td
        align="center"
      >
        <div>
          <Button
            color="success"
            id="9Button"
            onClick={[Function]}
            tag="button"
          >
            Buy
          </Button>
        </div>
      </td>
    </tr>
    <tr
      key="10"
    >
      <th
        scope="row"
      >
        Energade
      </th>
      <td />
      <td>
        11
      </td>
      <th>
        R
        10
      </th>
      <td
        align="center"
      >
        <div>
          <Button
            color="success"
            id="10Button"
            onClick={[Function]}
            tag="button"
          >
            Buy
          </Button>
        </div>
      </td>
    </tr>
  </tbody>
</table>
`;
